2026-09-05 10:28:17 | USB_DISCONNECTED | Status: OK | Class: HIDClass | Device: USB Input Device | InstanceId: USB\VID_258A&PID_002A&MI_00\7&37F796AE&0&0000
2026-09-05 10:28:17 | USB_DISCONNECTED | Status: OK | Class: HIDClass | Device: USB Input Device | InstanceId: USB\VID_258A&PID_002A&MI_01\7&37F796AE&0&0001
2026-09-05 10:28:17 | USB_DISCONNECTED | Status: OK | Class: USB | Device: USB Composite Device | InstanceId: USB\VID_258A&PID_002A\6&15F17D69&0&1
2026-09-05 10:28:42 | USB_CONNECTED | Status: OK | Class: WPD | Device: POCO M4 Pro | InstanceId: USB\VID_2717&PID_FF40\ZXKZ8DUKXCY5ORJB
2026-09-05 10:29:04 | USB_DISCONNECTED | Status: OK | Class: WPD | Device: POCO M4 Pro | InstanceId: USB\VID_2717&PID_FF40\ZXKZ8DUKXCY5ORJB
2026-09-05 10:29:18 | USB_CONNECTED | Status: OK | Class: HIDClass | Device: USB Input Device | InstanceId: USB\VID_258A&PID_002A&MI_00\7&37F796AE&0&0000
2026-09-05 10:29:18 | USB_CONNECTED | Status: OK | Class: HIDClass | Device: USB Input Device | InstanceId: USB\VID_258A&PID_002A&MI_01\7&37F796AE&0&0001
2026-09-05 10:29:18 | USB_CONNECTED | Status: OK | Class: USB | Device: USB Composite Device | InstanceId: USB\VID_258A&PID_002A\6&15F17D69&0&1
2026-09-05 10:36:35 | USB_DISCONNECTED | Status: OK | Class: HIDClass | Device: USB Input Device | InstanceId: USB\VID_258A&PID_002A&MI_00\7&37F796AE&0&0000
2026-09-05 10:36:35 | USB_DISCONNECTED | Status: OK | Class: HIDClass | Device: USB Input Device | InstanceId: USB\VID_258A&PID_002A&MI_01\7&37F796AE&0&0001
2026-09-05 10:36:35 | USB_DISCONNECTED | Status: OK | Class: USB | Device: USB Composite Device | InstanceId: USB\VID_258A&PID_002A\6&15F17D69&0&1
2026-09-05 10:36:37 | USB_CONNECTED | Status: OK | Class: HIDClass | Device: USB Input Device | InstanceId: USB\VID_258A&PID_002A&MI_00\7&37F796AE&0&0000
2026-09-05 10:36:38 | USB_CONNECTED | Status: OK | Class: HIDClass | Device: USB Input Device | InstanceId: USB\VID_258A&PID_002A&MI_01\7&37F796AE&0&0001
2026-09-05 10:36:38 | USB_CONNECTED | Status: OK | Class: USB | Device: USB Composite Device | InstanceId: USB\VID_258A&PID_002A\6&15F17D69&0&1
2026-09-05 11:43:20 | FILE_CREATED | Path: test_usb\test_file.txt
2026-09-05 11:43:38 | FILE_MODIFIED | Path: test_usb\test_file.txt
2026-09-05 11:43:54 | FILE_DELETED | Path: test_usb\test_file.txt
2026-09-05 11:51:23 | FILE_INTEGRITY_BASELINE_CREATED | Path: test_usb\integrity_test.txt | NewHash: e592570e7251ba2c242f99c20dd8d69558ed9488a4802e277ac4c7245fe998b0
2026-09-05 11:51:23 | FILE_INTEGRITY_CHECK_PASSED | Path: test_usb\integrity_test.txt | NewHash: e592570e7251ba2c242f99c20dd8d69558ed9488a4802e277ac4c7245fe998b0
2026-09-05 11:51:23 | FILE_INTEGRITY_MODIFIED | Path: test_usb\integrity_test.txt | OldHash: e592570e7251ba2c242f99c20dd8d69558ed9488a4802e277ac4c7245fe998b0 | NewHash: 2034b3040c7f482ec9c49692fb77d1099e3c86138db97e2f91f892dc2185c7a7
2026-09-05 11:51:24 | FILE_CREATED | Path: test_usb\integrity_test.txt
2026-09-06 11:15:14 | ALERT | Type: UNAUTHORIZED_USB | Message: Unauthorized device detected: {'vid': '1234', 'pid': '5678'}
2026-09-06 11:15:14 | ALERT | Type: FILE_INTEGRITY_VIOLATION | Message: File integrity violation detected: test_usb/integrity_test.txt
